
*** Running vivado
    with args -log reduction_unit.vds -m64 -product Vivado -mode batch -messageDb vivado.pb -notrace -source reduction_unit.tcl



****** Vivado v2025.2 (64-bit)
  **** SW Build 6299465 on Fri Nov 14 19:35:11 GMT 2025
  **** IP Build 6300035 on Fri Nov 14 10:48:45 MST 2025
  **** SharedData Build 6298862 on Thu Nov 13 04:50:51 MST 2025
  **** Start of session at: Tue Sep 22 00:18:34 2026
    ** Copyright 1986-2022 Xilinx, Inc. All Rights Reserved.
    ** Copyright 2022-2025 Advanced Micro Devices, Inc. All Rights Reserved.

source reduction_unit.tcl -notrace
create_project: Time (s): cpu = 00:00:08 ; elapsed = 00:00:07 . Memory (MB): peak = 525.566 ; gain = 219.215
Command: synth_design -top reduction_unit -part xc7a200tffg1156-3
Starting synth_design
Attempting to get a license for feature 'Synthesis' and/or device 'xc7a200t'
INFO: [Common 17-349] Got license for feature 'Synthesis' and/or device 'xc7a200t'
INFO: [Synth 8-7079] Multithreading enabled for synth_design using a maximum of 2 processes.
INFO: [Synth 8-7078] Launching helper process for spawning children vivado processes
INFO: [Synth 8-7075] Helper process launched with PID 27088
---------------------------------------------------------------------------------
Starting Synthesize : Time (s): cpu = 00:00:05 ; elapsed = 00:00:06 . Memory (MB): peak = 1068.488 ; gain = 538.945
---------------------------------------------------------------------------------
INFO: [Synth 8-6157] synthesizing module 'reduction_unit' [D:/vlsiassign/Kyber_Red/Kyber_Red.srcs/sources_1/new/reduction_unit.sv:1]
INFO: [Synth 8-6157] synthesizing module 'dthca' [D:/vlsiassign/Kyber_Red/Kyber_Red.srcs/sources_1/new/dthca.sv:1]
INFO: [Synth 8-6157] synthesizing module 'csa2' [D:/vlsiassign/Kyber_Red/Kyber_Red.srcs/sources_1/new/csa2.sv:1]
INFO: [Synth 8-6155] done synthesizing module 'csa2' (0#1) [D:/vlsiassign/Kyber_Red/Kyber_Red.srcs/sources_1/new/csa2.sv:1]
INFO: [Synth 8-6157] synthesizing module 'csa1' [D:/vlsiassign/Kyber_Red/Kyber_Red.srcs/sources_1/new/csa1.sv:1]
INFO: [Synth 8-6155] done synthesizing module 'csa1' (0#1) [D:/vlsiassign/Kyber_Red/Kyber_Red.srcs/sources_1/new/csa1.sv:1]
INFO: [Synth 8-6155] done synthesizing module 'dthca' (0#1) [D:/vlsiassign/Kyber_Red/Kyber_Red.srcs/sources_1/new/dthca.sv:1]
INFO: [Synth 8-6157] synthesizing module 'fa_15bit' [D:/vlsiassign/Kyber_Red/Kyber_Red.srcs/sources_1/new/fa_15bit.sv:1]
INFO: [Synth 8-6155] done synthesizing module 'fa_15bit' (0#1) [D:/vlsiassign/Kyber_Red/Kyber_Red.srcs/sources_1/new/fa_15bit.sv:1]
INFO: [Synth 8-6157] synthesizing module 'mux_4to1' [D:/vlsiassign/Kyber_Red/Kyber_Red.srcs/sources_1/new/mux_4to1.sv:1]
INFO: [Synth 8-6155] done synthesizing module 'mux_4to1' (0#1) [D:/vlsiassign/Kyber_Red/Kyber_Red.srcs/sources_1/new/mux_4to1.sv:1]
INFO: [Synth 8-6155] done synthesizing module 'reduction_unit' (0#1) [D:/vlsiassign/Kyber_Red/Kyber_Red.srcs/sources_1/new/reduction_unit.sv:1]
WARNING: [Synth 8-7129] Port res0[13] in module mux_4to1 is either unconnected or has no load
WARNING: [Synth 8-7129] Port res0[12] in module mux_4to1 is either unconnected or has no load
WARNING: [Synth 8-7129] Port res_minus_2q[13] in module mux_4to1 is either unconnected or has no load
WARNING: [Synth 8-7129] Port res_minus_2q[12] in module mux_4to1 is either unconnected or has no load
WARNING: [Synth 8-7129] Port res_minus_q[13] in module mux_4to1 is either unconnected or has no load
WARNING: [Synth 8-7129] Port res_minus_q[12] in module mux_4to1 is either unconnected or has no load
WARNING: [Synth 8-7129] Port res_plus_q[14] in module mux_4to1 is either unconnected or has no load
WARNING: [Synth 8-7129] Port res_plus_q[13] in module mux_4to1 is either unconnected or has no load
WARNING: [Synth 8-7129] Port res_plus_q[12] in module mux_4to1 is either unconnected or has no load
---------------------------------------------------------------------------------
Finished Synthesize : Time (s): cpu = 00:00:06 ; elapsed = 00:00:08 . Memory (MB): peak = 1188.211 ; gain = 658.668
---------------------------------------------------------------------------------
---------------------------------------------------------------------------------
Finished Constraint Validation : Time (s): cpu = 00:00:07 ; elapsed = 00:00:09 . Memory (MB): peak = 1188.211 ; gain = 658.668
---------------------------------------------------------------------------------
---------------------------------------------------------------------------------
Start Loading Part and Timing Information
---------------------------------------------------------------------------------
Loading part: xc7a200tffg1156-3
INFO: [Device 21-403] Loading part xc7a200tffg1156-3
---------------------------------------------------------------------------------
Finished Loading Part and Timing Information : Time (s): cpu = 00:00:07 ; elapsed = 00:00:09 . Memory (MB): peak = 1188.211 ; gain = 658.668
---------------------------------------------------------------------------------
---------------------------------------------------------------------------------
Finished RTL Optimization Phase 2 : Time (s): cpu = 00:00:07 ; elapsed = 00:00:09 . Memory (MB): peak = 1188.211 ; gain = 658.668
---------------------------------------------------------------------------------
No constraint files found.
---------------------------------------------------------------------------------
Start RTL Component Statistics 
---------------------------------------------------------------------------------
Detailed RTL Component Info : 
+---Adders : 
	  17 Input   15 Bit       Adders := 1     
	   2 Input   15 Bit       Adders := 4     
	   4 Input    3 Bit       Adders := 7     
	   3 Input    3 Bit       Adders := 4     
+---XORs : 
	   3 Input      1 Bit         XORs := 13    
	   2 Input      1 Bit         XORs := 5     
+---Muxes : 
	   2 Input   12 Bit        Muxes := 3     
---------------------------------------------------------------------------------
Finished RTL Component Statistics 
---------------------------------------------------------------------------------
---------------------------------------------------------------------------------
Start Part Resource Summary
---------------------------------------------------------------------------------
Part Resources:
DSPs: 740 (col length:100)
BRAMs: 730 (col length: RAMB18 100 RAMB36 50)
---------------------------------------------------------------------------------
Finished Part Resource Summary
---------------------------------------------------------------------------------
No constraint files found.
---------------------------------------------------------------------------------
Start Cross Boundary and Area Optimization
---------------------------------------------------------------------------------
---------------------------------------------------------------------------------
Finished Cross Boundary and Area Optimization : Time (s): cpu = 00:00:12 ; elapsed = 00:00:22 . Memory (MB): peak = 1429.441 ; gain = 899.898
---------------------------------------------------------------------------------
No constraint files found.
---------------------------------------------------------------------------------
Start Timing Optimization
---------------------------------------------------------------------------------
---------------------------------------------------------------------------------
Finished Timing Optimization : Time (s): cpu = 00:00:12 ; elapsed = 00:00:22 . Memory (MB): peak = 1435.051 ; gain = 905.508
---------------------------------------------------------------------------------
---------------------------------------------------------------------------------
Start Technology Mapping
---------------------------------------------------------------------------------
---------------------------------------------------------------------------------
Finished Technology Mapping : Time (s): cpu = 00:00:12 ; elapsed = 00:00:22 . Memory (MB): peak = 1435.051 ; gain = 905.508
---------------------------------------------------------------------------------
---------------------------------------------------------------------------------
Start IO Insertion
---------------------------------------------------------------------------------
---------------------------------------------------------------------------------
Start Flattening Before IO Insertion
---------------------------------------------------------------------------------
---------------------------------------------------------------------------------
Finished Flattening Before IO Insertion
---------------------------------------------------------------------------------
---------------------------------------------------------------------------------
Start Final Netlist Cleanup
---------------------------------------------------------------------------------
---------------------------------------------------------------------------------
Finished Final Netlist Cleanup
---------------------------------------------------------------------------------
---------------------------------------------------------------------------------
Finished IO Insertion : Time (s): cpu = 00:00:16 ; elapsed = 00:00:26 . Memory (MB): peak = 1663.508 ; gain = 1133.965
---------------------------------------------------------------------------------
---------------------------------------------------------------------------------
Start Renaming Generated Instances
---------------------------------------------------------------------------------
---------------------------------------------------------------------------------
Finished Renaming Generated Instances : Time (s): cpu = 00:00:16 ; elapsed = 00:00:26 . Memory (MB): peak = 1663.508 ; gain = 1133.965
---------------------------------------------------------------------------------
---------------------------------------------------------------------------------
Start Rebuilding User Hierarchy
---------------------------------------------------------------------------------
---------------------------------------------------------------------------------
Finished Rebuilding User Hierarchy : Time (s): cpu = 00:00:16 ; elapsed = 00:00:26 . Memory (MB): peak = 1663.508 ; gain = 1133.965
---------------------------------------------------------------------------------
---------------------------------------------------------------------------------
Start Renaming Generated Ports
---------------------------------------------------------------------------------
---------------------------------------------------------------------------------
Finished Renaming Generated Ports : Time (s): cpu = 00:00:16 ; elapsed = 00:00:26 . Memory (MB): peak = 1663.508 ; gain = 1133.965
---------------------------------------------------------------------------------
---------------------------------------------------------------------------------
Start Handling Custom Attributes
---------------------------------------------------------------------------------
---------------------------------------------------------------------------------
Finished Handling Custom Attributes : Time (s): cpu = 00:00:16 ; elapsed = 00:00:26 . Memory (MB): peak = 1663.508 ; gain = 1133.965
---------------------------------------------------------------------------------
---------------------------------------------------------------------------------
Start Renaming Generated Nets
---------------------------------------------------------------------------------
---------------------------------------------------------------------------------
Finished Renaming Generated Nets : Time (s): cpu = 00:00:16 ; elapsed = 00:00:26 . Memory (MB): peak = 1663.508 ; gain = 1133.965
---------------------------------------------------------------------------------
---------------------------------------------------------------------------------
Start Writing Synthesis Report
---------------------------------------------------------------------------------

Report BlackBoxes: 
+-+--------------+----------+
| |BlackBox name |Instances |
+-+--------------+----------+
+-+--------------+----------+

Report Cell Usage: 
+------+-------+------+
|      |Cell   |Count |
+------+-------+------+
|1     |CARRY4 |    17|
|2     |LUT1   |    24|
|3     |LUT2   |     7|
|4     |LUT3   |    30|
|5     |LUT4   |    11|
|6     |LUT5   |    29|
|7     |LUT6   |    40|
|8     |IBUF   |    24|
|9     |OBUF   |    12|
+------+-------+------+

Report Instance Areas: 
+------+---------+-----------+------+
|      |Instance |Module     |Cells |
+------+---------+-----------+------+
|1     |top      |           |   194|
|2     |  fa0    |fa_15bit   |   146|
|3     |  fa1    |fa_15bit_0 |     4|
|4     |  fa2    |fa_15bit_1 |     5|
|5     |  fa3    |fa_15bit_2 |     3|
+------+---------+-----------+------+
---------------------------------------------------------------------------------
Finished Writing Synthesis Report : Time (s): cpu = 00:00:16 ; elapsed = 00:00:26 . Memory (MB): peak = 1663.508 ; gain = 1133.965
---------------------------------------------------------------------------------
Synthesis finished with 0 errors, 0 critical warnings and 9 warnings.
Synthesis Optimization Runtime : Time (s): cpu = 00:00:16 ; elapsed = 00:00:26 . Memory (MB): peak = 1663.508 ; gain = 1133.965
Synthesis Optimization Complete : Time (s): cpu = 00:00:16 ; elapsed = 00:00:26 . Memory (MB): peak = 1663.508 ; gain = 1133.965
INFO: [Project 1-571] Translating synthesized netlist
Netlist sorting complete. Time (s): cpu = 00:00:00 ; elapsed = 00:00:00.006 . Memory (MB): peak = 1675.566 ; gain = 0.000
INFO: [Netlist 29-17] Analyzing 17 Unisim elements for replacement
INFO: [Netlist 29-28] Unisim Transformation completed in 0 CPU seconds
INFO: [Project 1-570] Preparing netlist for logic optimization
INFO: [Opt 31-138] Pushed 0 inverter(s) to 0 load pin(s).
Netlist sorting complete. Time (s): cpu = 00:00:00 ; elapsed = 00:00:00 . Memory (MB): peak = 1795.527 ; gain = 0.000
INFO: [Project 1-111] Unisim Transformation Summary:
No Unisim elements were transformed.

Synth Design complete | Checksum: df35a3d3
INFO: [Common 17-83] Releasing license: Synthesis
24 Infos, 9 Warnings, 0 Critical Warnings and 0 Errors encountered.
synth_design completed successfully
synth_design: Time (s): cpu = 00:00:18 ; elapsed = 00:00:31 . Memory (MB): peak = 1795.527 ; gain = 1269.961
Write ShapeDB Complete: Time (s): cpu = 00:00:00 ; elapsed = 00:00:00.005 . Memory (MB): peak = 1795.527 ; gain = 0.000
INFO: [Common 17-1381] The checkpoint 'D:/vlsiassign/Kyber_Red/Kyber_Red.runs/synth_1/reduction_unit.dcp' has been generated.
INFO: [Vivado 12-24828] Executing command : report_utilization -file reduction_unit_utilization_synth.rpt -pb reduction_unit_utilization_synth.pb
INFO: [Common 17-206] Exiting Vivado at Tue Sep 22 00:19:20 2026...
