#-----------------------------------------------------------
# Vivado v2025.2 (64-bit)
# SW Build 6299465 on Fri Nov 14 19:35:11 GMT 2025
# IP Build 6300035 on Fri Nov 14 10:48:45 MST 2025
# SharedData Build 6298862 on Thu Nov 13 04:50:51 MST 2025
# Start of session at: Tue Sep 22 00:20:57 2026
# Process ID         : 19028
# Current directory  : D:/vlsiassign/Kyber_Red/Kyber_Red.runs/impl_1
# Command line       : vivado.exe -log reduction_unit.vdi -applog -product Vivado -messageDb vivado.pb -mode batch -source reduction_unit.tcl -notrace
# Log file           : D:/vlsiassign/Kyber_Red/Kyber_Red.runs/impl_1/reduction_unit.vdi
# Journal file       : D:/vlsiassign/Kyber_Red/Kyber_Red.runs/impl_1\vivado.jou
# Running On         : LAPTOP-3IQ99OJC
# Platform           : Windows Server 2016 or Windows 10
# Operating System   : 26200
# Processor Detail   : AMD Ryzen 5 5600H with Radeon Graphics         
# CPU Frequency      : 3294 MHz
# CPU Physical cores : 6
# CPU Logical cores  : 12
# Host memory        : 7883 MB
# Swap memory        : 11817 MB
# Total Virtual      : 19700 MB
# Available Virtual  : 2752 MB
#-----------------------------------------------------------
source reduction_unit.tcl -notrace
