Vivado Simulator v2025.2
Copyright 1986-2022 Xilinx, Inc. All Rights Reserved.
Copyright 2022-2025 Advanced Micro Devices, Inc. All Rights Reserved.
Running: D:/2025.2/Vivado/bin/unwrapped/win64.o/xelab.exe --incr --debug typical --relax --mt 2 -L xil_defaultlib -L uvm -L unisims_ver -L unimacro_ver -L secureip --snapshot tb_reduction_behav xil_defaultlib.tb_reduction xil_defaultlib.glbl -log elaborate.log 
Using 2 slave threads.
Starting static elaboration
Pass Through NonSizing Optimizer
Completed static elaboration
Starting simulation data flow analysis
WARNING: [XSIM 43-4099] "D:/vlsiassign/Kyber_Red/Kyber_Red.srcs/sources_1/new/reduction_unit.sv" Line 1. Module reduction_unit doesn't have a timescale but at least one module in design has a timescale.
WARNING: [XSIM 43-4099] "D:/vlsiassign/Kyber_Red/Kyber_Red.srcs/sources_1/new/dthca.sv" Line 1. Module dthca doesn't have a timescale but at least one module in design has a timescale.
WARNING: [XSIM 43-4099] "D:/vlsiassign/Kyber_Red/Kyber_Red.srcs/sources_1/new/csa2.sv" Line 1. Module csa2 doesn't have a timescale but at least one module in design has a timescale.
WARNING: [XSIM 43-4099] "D:/vlsiassign/Kyber_Red/Kyber_Red.srcs/sources_1/new/csa1.sv" Line 1. Module csa1 doesn't have a timescale but at least one module in design has a timescale.
WARNING: [XSIM 43-4099] "D:/vlsiassign/Kyber_Red/Kyber_Red.srcs/sources_1/new/csa2.sv" Line 1. Module csa2 doesn't have a timescale but at least one module in design has a timescale.
WARNING: [XSIM 43-4099] "D:/vlsiassign/Kyber_Red/Kyber_Red.srcs/sources_1/new/csa2.sv" Line 1. Module csa2 doesn't have a timescale but at least one module in design has a timescale.
WARNING: [XSIM 43-4099] "D:/vlsiassign/Kyber_Red/Kyber_Red.srcs/sources_1/new/csa2.sv" Line 1. Module csa2 doesn't have a timescale but at least one module in design has a timescale.
WARNING: [XSIM 43-4099] "D:/vlsiassign/Kyber_Red/Kyber_Red.srcs/sources_1/new/csa1.sv" Line 1. Module csa1 doesn't have a timescale but at least one module in design has a timescale.
WARNING: [XSIM 43-4099] "D:/vlsiassign/Kyber_Red/Kyber_Red.srcs/sources_1/new/csa2.sv" Line 1. Module csa2 doesn't have a timescale but at least one module in design has a timescale.
WARNING: [XSIM 43-4099] "D:/vlsiassign/Kyber_Red/Kyber_Red.srcs/sources_1/new/csa2.sv" Line 1. Module csa2 doesn't have a timescale but at least one module in design has a timescale.
WARNING: [XSIM 43-4099] "D:/vlsiassign/Kyber_Red/Kyber_Red.srcs/sources_1/new/csa1.sv" Line 1. Module csa1 doesn't have a timescale but at least one module in design has a timescale.
WARNING: [XSIM 43-4099] "D:/vlsiassign/Kyber_Red/Kyber_Red.srcs/sources_1/new/csa2.sv" Line 1. Module csa2 doesn't have a timescale but at least one module in design has a timescale.
WARNING: [XSIM 43-4099] "D:/vlsiassign/Kyber_Red/Kyber_Red.srcs/sources_1/new/csa1.sv" Line 1. Module csa1 doesn't have a timescale but at least one module in design has a timescale.
WARNING: [XSIM 43-4099] "D:/vlsiassign/Kyber_Red/Kyber_Red.srcs/sources_1/new/csa2.sv" Line 1. Module csa2 doesn't have a timescale but at least one module in design has a timescale.
WARNING: [XSIM 43-4099] "D:/vlsiassign/Kyber_Red/Kyber_Red.srcs/sources_1/new/csa2.sv" Line 1. Module csa2 doesn't have a timescale but at least one module in design has a timescale.
WARNING: [XSIM 43-4099] "D:/vlsiassign/Kyber_Red/Kyber_Red.srcs/sources_1/new/csa1.sv" Line 1. Module csa1 doesn't have a timescale but at least one module in design has a timescale.
WARNING: [XSIM 43-4099] "D:/vlsiassign/Kyber_Red/Kyber_Red.srcs/sources_1/new/csa2.sv" Line 1. Module csa2 doesn't have a timescale but at least one module in design has a timescale.
WARNING: [XSIM 43-4099] "D:/vlsiassign/Kyber_Red/Kyber_Red.srcs/sources_1/new/csa2.sv" Line 1. Module csa2 doesn't have a timescale but at least one module in design has a timescale.
WARNING: [XSIM 43-4099] "D:/vlsiassign/Kyber_Red/Kyber_Red.srcs/sources_1/new/csa2.sv" Line 1. Module csa2 doesn't have a timescale but at least one module in design has a timescale.
WARNING: [XSIM 43-4099] "D:/vlsiassign/Kyber_Red/Kyber_Red.srcs/sources_1/new/csa2.sv" Line 1. Module csa2 doesn't have a timescale but at least one module in design has a timescale.
WARNING: [XSIM 43-4099] "D:/vlsiassign/Kyber_Red/Kyber_Red.srcs/sources_1/new/fa_15bit.sv" Line 1. Module fa_15bit doesn't have a timescale but at least one module in design has a timescale.
WARNING: [XSIM 43-4099] "D:/vlsiassign/Kyber_Red/Kyber_Red.srcs/sources_1/new/fa_15bit.sv" Line 1. Module fa_15bit doesn't have a timescale but at least one module in design has a timescale.
WARNING: [XSIM 43-4099] "D:/vlsiassign/Kyber_Red/Kyber_Red.srcs/sources_1/new/fa_15bit.sv" Line 1. Module fa_15bit doesn't have a timescale but at least one module in design has a timescale.
WARNING: [XSIM 43-4099] "D:/vlsiassign/Kyber_Red/Kyber_Red.srcs/sources_1/new/fa_15bit.sv" Line 1. Module fa_15bit doesn't have a timescale but at least one module in design has a timescale.
WARNING: [XSIM 43-4099] "D:/vlsiassign/Kyber_Red/Kyber_Red.srcs/sources_1/new/mux_4to1.sv" Line 1. Module mux_4to1 doesn't have a timescale but at least one module in design has a timescale.
Completed simulation data flow analysis
Time Resolution for simulation is 1ps
Compiling module xil_defaultlib.csa2
Compiling module xil_defaultlib.csa1
Compiling module xil_defaultlib.dthca
Compiling module xil_defaultlib.fa_15bit
Compiling module xil_defaultlib.mux_4to1
Compiling module xil_defaultlib.reduction_unit
Compiling module xil_defaultlib.tb_reduction
Compiling module xil_defaultlib.glbl
Built simulation snapshot tb_reduction_behav
